[
    [
        "LUKE",
        252
    ],
    [
        "HAN",
        151
    ],
    [
        "THREEPIO",
        119
    ]
]